// Vitest Snapshot v1, https://vitest.dev/guide/snapshot.html

exports[`matches snapshot 1`] = `
<div
  class="_spinnerWrapper_d3ce5a spinner _hasPadding_d3ce5a"
  data-testid="loading-spinner"
>
  <div
    class="LoadingSpinner-module_loadingSpinner__2xHT_ LoadingSpinner-module_multicolor__1qbEF custom-theme-1"
  >
    <div />
    <div />
    <div />
  </div>
</div>
`;
