// Vitest Snapshot v1, https://vitest.dev/guide/snapshot.html

exports[`matches snapshot 1`] = `
<div
  aria-live="polite"
  class="_dateSelectorMenu_bbd991"
  data-testid="date-selector-menu"
  role="menu"
>
  <div
    class="_checkboxWrapper_bbd991"
  >
    <div
      class="Checkbox-module_checkbox__3L0GR checkbox_hds-checkbox__9HMCz"
      style="--background-unselected: var(--color-white); --background-selected: var(--color-input-dark, --color-coat-of-arms); --background-selected-hover: var(--color-input-dark, --color-coat-of-arms-dark); --background-hover: var(--color-input-dark, --color-coat-of-arms-dark); --border-color-selected: var(--color-input-dark,--color-coat-of-arms-dark); --border-color-selected-focus: var(--color-input-dark, --color-coat-of-arms-dark); --border-color-selected-hover: var(--color-input-dark,--color-coat-of-arms-dark); line-height: 24px;"
    >
      <input
        class="Checkbox-module_input__3VZvy checkbox_hds-checkbox__input__1w0pu"
        id="name_today"
        name="date"
        type="checkbox"
        value="today"
      />
      <label
        class="Checkbox-module_label__L5AN1 checkbox_hds-checkbox__label__3HoD3"
        for="name_today"
      >
        Tänään
      </label>
    </div>
    <div
      class="Checkbox-module_checkbox__3L0GR checkbox_hds-checkbox__9HMCz"
      style="--background-unselected: var(--color-white); --background-selected: var(--color-input-dark, --color-coat-of-arms); --background-selected-hover: var(--color-input-dark, --color-coat-of-arms-dark); --background-hover: var(--color-input-dark, --color-coat-of-arms-dark); --border-color-selected: var(--color-input-dark,--color-coat-of-arms-dark); --border-color-selected-focus: var(--color-input-dark, --color-coat-of-arms-dark); --border-color-selected-hover: var(--color-input-dark,--color-coat-of-arms-dark); line-height: 24px;"
    >
      <input
        class="Checkbox-module_input__3VZvy checkbox_hds-checkbox__input__1w0pu"
        id="name_tomorrow"
        name="date"
        type="checkbox"
        value="tomorrow"
      />
      <label
        class="Checkbox-module_label__L5AN1 checkbox_hds-checkbox__label__3HoD3"
        for="name_tomorrow"
      >
        Huomenna
      </label>
    </div>
    <div
      class="Checkbox-module_checkbox__3L0GR checkbox_hds-checkbox__9HMCz"
      style="--background-unselected: var(--color-white); --background-selected: var(--color-input-dark, --color-coat-of-arms); --background-selected-hover: var(--color-input-dark, --color-coat-of-arms-dark); --background-hover: var(--color-input-dark, --color-coat-of-arms-dark); --border-color-selected: var(--color-input-dark,--color-coat-of-arms-dark); --border-color-selected-focus: var(--color-input-dark, --color-coat-of-arms-dark); --border-color-selected-hover: var(--color-input-dark,--color-coat-of-arms-dark); line-height: 24px;"
    >
      <input
        class="Checkbox-module_input__3VZvy checkbox_hds-checkbox__input__1w0pu"
        id="name_this_week"
        name="date"
        type="checkbox"
        value="this_week"
      />
      <label
        class="Checkbox-module_label__L5AN1 checkbox_hds-checkbox__label__3HoD3"
        for="name_this_week"
      >
        Tällä viikolla
      </label>
    </div>
    <div
      class="Checkbox-module_checkbox__3L0GR checkbox_hds-checkbox__9HMCz"
      style="--background-unselected: var(--color-white); --background-selected: var(--color-input-dark, --color-coat-of-arms); --background-selected-hover: var(--color-input-dark, --color-coat-of-arms-dark); --background-hover: var(--color-input-dark, --color-coat-of-arms-dark); --border-color-selected: var(--color-input-dark,--color-coat-of-arms-dark); --border-color-selected-focus: var(--color-input-dark, --color-coat-of-arms-dark); --border-color-selected-hover: var(--color-input-dark,--color-coat-of-arms-dark); line-height: 24px;"
    >
      <input
        class="Checkbox-module_input__3VZvy checkbox_hds-checkbox__input__1w0pu"
        id="name_weekend"
        name="date"
        type="checkbox"
        value="weekend"
      />
      <label
        class="Checkbox-module_label__L5AN1 checkbox_hds-checkbox__label__3HoD3"
        for="name_weekend"
      >
        Viikonloppuna
      </label>
    </div>
  </div>
  <button
    class="_button_bbd991 _btnSelectDates_bbd991"
    type="button"
  >
    <svg
      aria-hidden="true"
      aria-label="calendar-plus"
      class="Icon-module_icon__1Jtzj icon_hds-icon__1YqNC Icon-module_s__2WGWe icon_hds-icon--size-s__2Lkik"
      role="img"
      viewBox="0 0 24 24"
      xmlns="http://www.w3.org/2000/svg"
    >
      <path
        clip-rule="evenodd"
        d="M20 14V17H23V19H20V22H18V19H15V17H18V14H20ZM17 2C17.5523 2 18 2.44772 18 3V4H22V12H20V11H4V19H13V21H2V4H6V3C6 2.44772 6.44772 2 7 2C7.55228 2 8 2.44772 8 3V4H16V3C16 2.44772 16.4477 2 17 2ZM20 6H4V9H20V6Z"
        fill="currentColor"
        fill-rule="evenodd"
      />
    </svg>
    <div
      class="_buttonText_bbd991"
    >
      Valitse päivät
    </div>
    <svg
      aria-hidden="true"
      aria-label="angle-right"
      class="Icon-module_icon__1Jtzj icon_hds-icon__1YqNC Icon-module_s__2WGWe icon_hds-icon--size-s__2Lkik"
      role="img"
      viewBox="0 0 24 24"
      xmlns="http://www.w3.org/2000/svg"
    >
      <path
        clip-rule="evenodd"
        d="M13.5 12L8.5 7L10 5.5L16.5 12L10 18.5L8.5 17L13.5 12Z"
        fill="currentColor"
        fill-rule="evenodd"
      />
    </svg>
  </button>
  <button
    class="_button_bbd991 _btnBack_bbd991 _hidden_bbd991"
    type="button"
  >
    <svg
      aria-hidden="true"
      aria-label="angle-left"
      class="Icon-module_icon__1Jtzj icon_hds-icon__1YqNC Icon-module_s__2WGWe icon_hds-icon--size-s__2Lkik"
      role="img"
      viewBox="0 0 24 24"
      xmlns="http://www.w3.org/2000/svg"
    >
      <path
        clip-rule="evenodd"
        d="M10.5 12L15.5 17L14 18.5L7.5 12L14 5.5L15.5 7L10.5 12Z"
        fill="currentColor"
        fill-rule="evenodd"
      />
    </svg>
    <div
      class="_buttonText_bbd991"
    >
      Takaisin
    </div>
  </button>
</div>
`;
