// Vitest Snapshot v1, https://vitest.dev/guide/snapshot.html

exports[`SearchSelect > successful cases > renders properly 1`] = `
<div>
  <div
    class="Select-module_root__Ka5uO _select_12d8cc _searchSelect_481aa4"
  >
    <label
      class="FieldLabel-module_label__1zrXK "
      for="accessibilityProfile-toggle-button"
      id="accessibilityProfile-label"
    >
      label
    </label>
    <div
      class="Select-module_wrapper__1WQXs"
    >
      <button
        aria-expanded="false"
        aria-haspopup="listbox"
        aria-labelledby="accessibilityProfile-label accessibilityProfile-toggle-button"
        aria-owns="accessibilityProfile-menu"
        class="Select-module_button__1aIsm Select-module_placeholder__21c0j"
        id="accessibilityProfile-toggle-button"
        type="button"
      >
        <span
          class="Select-module_buttonLabel__1fqu5"
        >
          placeholder
        </span>
        <svg
          aria-hidden="true"
          aria-label="angle-down"
          class="Icon-module_icon__1Jtzj icon_hds-icon__1YqNC Icon-module_s__2WGWe icon_hds-icon--size-s__2Lkik Select-module_angleIcon__2-9AD"
          role="img"
          viewBox="0 0 24 24"
          xmlns="http://www.w3.org/2000/svg"
        >
          <path
            clip-rule="evenodd"
            d="M12 13.5L17 8.5L18.5 10L12 16.5L5.5 10L7 8.5L12 13.5Z"
            fill="currentColor"
            fill-rule="evenodd"
          />
        </svg>
      </button>
      <ul
        aria-labelledby="accessibilityProfile-label"
        class="Select-module_menu__1H2aU"
        id="accessibilityProfile-menu"
        role="listbox"
        style="max-height: 260px;"
        tabindex="-1"
      />
    </div>
  </div>
</div>
`;
