// Vitest Snapshot v1, https://vitest.dev/guide/snapshot.html

exports[`matches snapshot 1`] = `
<div
  class="_container_4c7bc3"
>
  Hello
</div>
`;
